             VMA              LMA     Size Align Out     In      Symbol
               0                0        0     1 . = 0x0
               0                0      13e     2 .text
               0                0       14     2         /home/jpgoncalves/workspace/source/xv6-riscv/rust/user/target/riscv64gc-unknown-none-elf/release/deps/libxv6_usys-1ed8c8f8eb846dbd.rlib(xv6_usys-1ed8c8f8eb846dbd.xv6_usys.5a224a4a3f3d7077-cgu.0.rcgu.o):(.text._ZN8xv6_usys5sleep17hbbe6f4e79e8acb36E)
               0                0        0     1                 $x.0
               0                0       14     1                 xv6_usys::sleep::hbbe6f4e79e8acb36
              14               14        a     2         /home/jpgoncalves/workspace/source/xv6-riscv/rust/user/target/riscv64gc-unknown-none-elf/release/deps/libxv6_usys-1ed8c8f8eb846dbd.rlib(xv6_usys-1ed8c8f8eb846dbd.xv6_usys.5a224a4a3f3d7077-cgu.0.rcgu.o):(.text._ZN8xv6_usys4exit17hdf16c33ac7c700d5E)
              14               14        0     1                 $x.1
              14               14        a     1                 xv6_usys::exit::hdf16c33ac7c700d5
              1e               1e       2e     2         /home/jpgoncalves/workspace/source/xv6-riscv/rust/user/target/riscv64gc-unknown-none-elf/release/deps/libxv6_usys-1ed8c8f8eb846dbd.rlib(xv6_usys-1ed8c8f8eb846dbd.xv6_usys.5a224a4a3f3d7077-cgu.0.rcgu.o):(.text._ZN8xv6_usys7println17h9843b5fbd816cd75E)
              1e               1e        0     1                 $x.2
              1e               1e       2e     1                 xv6_usys::println::h9843b5fbd816cd75
              34               34        0     1                 .Lpcrel_hi0
              4c               4c       3c     2         /home/jpgoncalves/workspace/source/xv6-riscv/rust/user/target/riscv64gc-unknown-none-elf/release/deps/libxv6_usys-1ed8c8f8eb846dbd.rlib(xv6_usys-1ed8c8f8eb846dbd.xv6_usys.5a224a4a3f3d7077-cgu.0.rcgu.o):(.text.main)
              4c               4c        0     1                 $x.3
              4c               4c       3c     1                 main
              50               50        0     1                 .Lpcrel_hi1
              6c               6c        0     1                 .Lpcrel_hi2
              88               88       a8     2         /home/jpgoncalves/workspace/source/xv6-riscv/rust/user/target/riscv64gc-unknown-none-elf/release/deps/libxv6_usys-1ed8c8f8eb846dbd.rlib(8a775f0c5385eccb-usys.o):(.text)
              88               88        0     1                 fork
              90               90        0     1                 exit
              98               98        0     1                 wait
              a0               a0        0     1                 pipe
              a8               a8        0     1                 read
              b0               b0        0     1                 write
              b8               b8        0     1                 close
              c0               c0        0     1                 kill
              c8               c8        0     1                 exec
              d0               d0        0     1                 open
              d8               d8        0     1                 mknod
              e0               e0        0     1                 unlink
              e8               e8        0     1                 fstat
              f0               f0        0     1                 link
              f8               f8        0     1                 mkdir
             100              100        0     1                 chdir
             108              108        0     1                 dup
             110              110        0     1                 getpid
             118              118        0     1                 sbrk
             120              120        0     1                 sleep
             128              128        0     1                 uptime
             130              130        e     2         /home/jpgoncalves/workspace/source/xv6-riscv/rust/user/target/riscv64gc-unknown-none-elf/release/deps/libxv6_usys-1ed8c8f8eb846dbd.rlib(cfef5fd404c3c183-ulib.o):(.text._main)
             130              130        e     1                 _main
             13e              13e      ec2     1 .rodata
             13e              13e        2     1         . = ALIGN ( 16 )
             140              140        0     1         . = ALIGN ( 16 )
             140              140        1     1         /home/jpgoncalves/workspace/source/xv6-riscv/rust/user/target/riscv64gc-unknown-none-elf/release/deps/libxv6_usys-1ed8c8f8eb846dbd.rlib(xv6_usys-1ed8c8f8eb846dbd.xv6_usys.5a224a4a3f3d7077-cgu.0.rcgu.o):(.rodata..Lanon.256aca6a4c4f814c5c3688e04c66675f.0)
             140              140        1     1                 .Lanon.256aca6a4c4f814c5c3688e04c66675f.0
             140              140        0     1                 $d.4
             141              141       19     1         /home/jpgoncalves/workspace/source/xv6-riscv/rust/user/target/riscv64gc-unknown-none-elf/release/deps/libxv6_usys-1ed8c8f8eb846dbd.rlib(xv6_usys-1ed8c8f8eb846dbd.xv6_usys.5a224a4a3f3d7077-cgu.0.rcgu.o):(.rodata..Lanon.256aca6a4c4f814c5c3688e04c66675f.1)
             141              141       19     1                 .Lanon.256aca6a4c4f814c5c3688e04c66675f.1
             141              141        0     1                 $d.5
             15a              15a       11     1         /home/jpgoncalves/workspace/source/xv6-riscv/rust/user/target/riscv64gc-unknown-none-elf/release/deps/libxv6_usys-1ed8c8f8eb846dbd.rlib(xv6_usys-1ed8c8f8eb846dbd.xv6_usys.5a224a4a3f3d7077-cgu.0.rcgu.o):(.rodata..Lanon.256aca6a4c4f814c5c3688e04c66675f.2)
             15a              15a       11     1                 .Lanon.256aca6a4c4f814c5c3688e04c66675f.2
             15a              15a        0     1                 $d.6
             16b              16b      e95     1         . = ALIGN ( 0x1000 )
            1000             1000        0     1 .data
            1000             1000        0     1         . = ALIGN ( 16 )
            1000             1000        0     1         . = ALIGN ( 16 )
            1000             1000        0     1 .bss
            1000             1000        0     1         . = ALIGN ( 16 )
            1000             1000        0     1         . = ALIGN ( 16 )
               0                0       4f     1 .comment
               0                0       4f     1         <internal>:(.comment)
               0                0       3e     1 .riscv.attributes
               0                0       3e     1         <internal>:(.riscv.attributes)
               0                0      4b0     8 .symtab
               0                0      4b0     8         <internal>:(.symtab)
               0                0       4f     1 .shstrtab
               0                0       4f     1         <internal>:(.shstrtab)
               0                0      240     1 .strtab
               0                0      240     1         <internal>:(.strtab)
